<?xml version="1.0" encoding="utf-8"?><testsuites name="pytest tests"><testsuite name="pytest" errors="0" failures="0" skipped="0" tests="0" time="0.470" timestamp="2025-09-15T09:41:32.300871-07:00" hostname="DESKTOP-ILRPTNG" /></testsuites>